// Jest Snapshot v1, https://goo.gl/fbAQLP

exports[`Pruebas sobre gifgrid Renderizar GifGridItem 1`] = `
<div
  className="card animate__animated animate__fadeIn"
>
  <p>
    Un titulo
  </p>
  <img
    alt="Un titulo"
    src="https://test.jpg"
  />
</div>
`;
